<<<<<<< HEAD
[debug] [2026-09-16T17:16:34.479Z] ----------------------------------------------------------------------
[debug] [2026-09-16T17:16:34.481Z] Command:       C:\Program Files\nodejs\node.exe C:\Users\PROFESSOR\AppData\Roaming\npm\node_modules\firebase-tools\lib\bin\firebase.js init
[debug] [2026-09-16T17:16:34.481Z] CLI Version:   15.30.1
[debug] [2026-09-16T17:16:34.481Z] Platform:      win32
[debug] [2026-09-16T17:16:34.482Z] Node Version:  v24.18.0
[debug] [2026-09-16T17:16:34.482Z] Detected Agent: unknown
[debug] [2026-09-16T17:16:34.482Z] Time:          Wed Sep 16 2026 14:16:34 GMT-0300 (Horário Padrão de Brasília)
[debug] [2026-09-16T17:16:34.482Z] ----------------------------------------------------------------------
[debug] 
[debug] [2026-09-16T17:16:34.495Z] >>> [apiv2][query] GET https://firebase-public.firebaseio.com/cli.json [none]
=======
[debug] [2026-09-16T17:16:34.479Z] ----------------------------------------------------------------------
[debug] [2026-09-16T17:16:34.481Z] Command:       C:\Program Files\nodejs\node.exe C:\Users\PROFESSOR\AppData\Roaming\npm\node_modules\firebase-tools\lib\bin\firebase.js init
[debug] [2026-09-16T17:16:34.481Z] CLI Version:   15.30.1
[debug] [2026-09-16T17:16:34.481Z] Platform:      win32
[debug] [2026-09-16T17:16:34.482Z] Node Version:  v24.18.0
[debug] [2026-09-16T17:16:34.482Z] Detected Agent: unknown
[debug] [2026-09-16T17:16:34.482Z] Time:          Wed Sep 16 2026 14:16:34 GMT-0300 (Horário Padrão de Brasília)
[debug] [2026-09-16T17:16:34.482Z] ----------------------------------------------------------------------
[debug] 
[debug] [2026-09-16T17:16:34.495Z] >>> [apiv2][query] GET https://firebase-public.firebaseio.com/cli.json [none]
>>>>>>> b8630c643dc26b5506b477046115494ed80173cf
[info] 
     ######## #### ########  ######## ########     ###     ######  ########
     ##        ##  ##     ## ##       ##     ##  ##   ##  ##       ##
     ######    ##  ########  ######   ########  #########  ######  ######
     ##        ##  ##    ##  ##       ##     ## ##     ##       ## ##
     ##       #### ##     ## ######## ########  ##     ##  ######  ########

You're about to initialize a Firebase project in this directory:

  C:\Luciano ETE\2026\CAED

Before we get started, keep in mind:

  * You are currently outside your home directory
<<<<<<< HEAD

[debug] [2026-09-16T17:16:38.580Z] <<< [apiv2][status] GET https://firebase-public.firebaseio.com/cli.json 200
[debug] [2026-09-16T17:16:38.581Z] <<< [apiv2][body] GET https://firebase-public.firebaseio.com/cli.json {"cloudBuildErrorAfter":1594252800000,"cloudBuildWarnAfter":1590019200000,"defaultNode10After":1594252800000,"minVersion":"3.0.5","node8DeploysDisabledAfter":1613390400000,"node8RuntimeDisabledAfter":1615809600000,"node8WarnAfter":1600128000000}
[info] 
=== Project Setup
[info] 
[info] First, let's associate this project directory with a Firebase project.
[info] You can create multiple project aliases by running firebase use --add, 
[info] 
[info] i  If you want to create a project in a Google Cloud organization or folder, please use "firebase projects:create" instead, and return to this command when you've created the project. 
[debug] [2026-09-16T17:20:40.932Z] > command requires scopes: ["email","openid","https://www.googleapis.com/auth/cloudplatformprojects.readonly","https://www.googleapis.com/auth/firebase","https://www.googleapis.com/auth/cloud-platform"]
[debug] [2026-09-16T17:20:40.932Z] > authorizing via signed-in user (jose.lrferreira@professor.educacao.pe.gov.br)
[debug] [2026-09-16T17:20:54.742Z] Checked if tokens are valid: false, expires at: 1784831311823
[debug] [2026-09-16T17:20:54.742Z] Checked if tokens are valid: false, expires at: 1784831311823
[debug] [2026-09-16T17:20:54.742Z] > refreshing access token with scopes: []
[debug] [2026-09-16T17:20:54.744Z] >>> [apiv2][query] POST https://www.googleapis.com/oauth2/v3/token [none]
[debug] [2026-09-16T17:20:54.744Z] >>> [apiv2][body] POST https://www.googleapis.com/oauth2/v3/token [omitted]
[debug] [2026-09-16T17:20:55.076Z] <<< [apiv2][status] POST https://www.googleapis.com/oauth2/v3/token 200
[debug] [2026-09-16T17:20:55.077Z] <<< [apiv2][body] POST https://www.googleapis.com/oauth2/v3/token [omitted]
[debug] [2026-09-16T17:20:55.086Z] >>> [apiv2][query] POST https://firebase.googleapis.com/v1/projects:checkProjectId [none]
[debug] [2026-09-16T17:20:55.086Z] >>> [apiv2][body] POST https://firebase.googleapis.com/v1/projects:checkProjectId {"proposedId":"CorretorCaed"}
[debug] [2026-09-16T17:20:55.725Z] <<< [apiv2][status] POST https://firebase.googleapis.com/v1/projects:checkProjectId 200
[debug] [2026-09-16T17:20:55.725Z] <<< [apiv2][body] POST https://firebase.googleapis.com/v1/projects:checkProjectId {"projectIdStatus":"PROJECT_ID_NOT_VALID","suggestedProjectId":"corretorcaed"}
[debug] [2026-09-16T17:20:59.732Z] Checked if tokens are valid: true, expires at: 1789582854077
[debug] [2026-09-16T17:20:59.732Z] Checked if tokens are valid: true, expires at: 1789582854077
[debug] [2026-09-16T17:20:59.732Z] >>> [apiv2][query] POST https://firebase.googleapis.com/v1/projects:checkProjectId [none]
[debug] [2026-09-16T17:20:59.732Z] >>> [apiv2][body] POST https://firebase.googleapis.com/v1/projects:checkProjectId {"proposedId":"CorretorCaed"}
[debug] [2026-09-16T17:21:00.852Z] <<< [apiv2][status] POST https://firebase.googleapis.com/v1/projects:checkProjectId 200
[debug] [2026-09-16T17:21:00.852Z] <<< [apiv2][body] POST https://firebase.googleapis.com/v1/projects:checkProjectId {"projectIdStatus":"PROJECT_ID_NOT_VALID","suggestedProjectId":"corretorcaed"}
=======

[debug] [2026-09-16T17:16:38.580Z] <<< [apiv2][status] GET https://firebase-public.firebaseio.com/cli.json 200
[debug] [2026-09-16T17:16:38.581Z] <<< [apiv2][body] GET https://firebase-public.firebaseio.com/cli.json {"cloudBuildErrorAfter":1594252800000,"cloudBuildWarnAfter":1590019200000,"defaultNode10After":1594252800000,"minVersion":"3.0.5","node8DeploysDisabledAfter":1613390400000,"node8RuntimeDisabledAfter":1615809600000,"node8WarnAfter":1600128000000}
[info] 
=== Project Setup
[info] 
[info] First, let's associate this project directory with a Firebase project.
[info] You can create multiple project aliases by running firebase use --add, 
[info] 
[info] i  If you want to create a project in a Google Cloud organization or folder, please use "firebase projects:create" instead, and return to this command when you've created the project. 
[debug] [2026-09-16T17:20:40.932Z] > command requires scopes: ["email","openid","https://www.googleapis.com/auth/cloudplatformprojects.readonly","https://www.googleapis.com/auth/firebase","https://www.googleapis.com/auth/cloud-platform"]
[debug] [2026-09-16T17:20:40.932Z] > authorizing via signed-in user (jose.lrferreira@professor.educacao.pe.gov.br)
[debug] [2026-09-16T17:20:54.742Z] Checked if tokens are valid: false, expires at: 1784831311823
[debug] [2026-09-16T17:20:54.742Z] Checked if tokens are valid: false, expires at: 1784831311823
[debug] [2026-09-16T17:20:54.742Z] > refreshing access token with scopes: []
[debug] [2026-09-16T17:20:54.744Z] >>> [apiv2][query] POST https://www.googleapis.com/oauth2/v3/token [none]
[debug] [2026-09-16T17:20:54.744Z] >>> [apiv2][body] POST https://www.googleapis.com/oauth2/v3/token [omitted]
[debug] [2026-09-16T17:20:55.076Z] <<< [apiv2][status] POST https://www.googleapis.com/oauth2/v3/token 200
[debug] [2026-09-16T17:20:55.077Z] <<< [apiv2][body] POST https://www.googleapis.com/oauth2/v3/token [omitted]
[debug] [2026-09-16T17:20:55.086Z] >>> [apiv2][query] POST https://firebase.googleapis.com/v1/projects:checkProjectId [none]
[debug] [2026-09-16T17:20:55.086Z] >>> [apiv2][body] POST https://firebase.googleapis.com/v1/projects:checkProjectId {"proposedId":"CorretorCaed"}
[debug] [2026-09-16T17:20:55.725Z] <<< [apiv2][status] POST https://firebase.googleapis.com/v1/projects:checkProjectId 200
[debug] [2026-09-16T17:20:55.725Z] <<< [apiv2][body] POST https://firebase.googleapis.com/v1/projects:checkProjectId {"projectIdStatus":"PROJECT_ID_NOT_VALID","suggestedProjectId":"corretorcaed"}
[debug] [2026-09-16T17:20:59.732Z] Checked if tokens are valid: true, expires at: 1789582854077
[debug] [2026-09-16T17:20:59.732Z] Checked if tokens are valid: true, expires at: 1789582854077
[debug] [2026-09-16T17:20:59.732Z] >>> [apiv2][query] POST https://firebase.googleapis.com/v1/projects:checkProjectId [none]
[debug] [2026-09-16T17:20:59.732Z] >>> [apiv2][body] POST https://firebase.googleapis.com/v1/projects:checkProjectId {"proposedId":"CorretorCaed"}
[debug] [2026-09-16T17:21:00.852Z] <<< [apiv2][status] POST https://firebase.googleapis.com/v1/projects:checkProjectId 200
[debug] [2026-09-16T17:21:00.852Z] <<< [apiv2][body] POST https://firebase.googleapis.com/v1/projects:checkProjectId {"projectIdStatus":"PROJECT_ID_NOT_VALID","suggestedProjectId":"corretorcaed"}
>>>>>>> b8630c643dc26b5506b477046115494ed80173cf
