2026-09-16 13:30:18 info: XVBA Live Server extension is now active!
2026-09-16 13:30:18 debug: Start Run Macro Server
2026-09-16 13:30:18 debug: Start Watch Excel Export VBA Files
2026-09-16 13:30:18 info: XVBA Ribbon Starts
2026-09-16 14:07:52 debug: Close Watch Excel Export VBA Files
2026-09-16 14:10:15 info: XVBA Live Server extension is now active!
2026-09-16 14:10:15 debug: Start Watch Excel Export VBA Files
2026-09-16 14:10:15 debug: Start Run Macro Server
2026-09-16 14:10:17 info: XVBA Ribbon Starts
2026-09-16 14:25:22 debug: Close Watch Excel Export VBA Files
2026-09-16 14:25:46 info: XVBA Live Server extension is now active!
2026-09-16 14:25:46 debug: Start Run Macro Server
2026-09-16 14:25:46 debug: Start Watch Excel Export VBA Files
2026-09-16 14:25:46 info: XVBA Ribbon Starts
2026-09-16 14:29:13 debug: Close Watch Excel Export VBA Files
2026-09-16 14:45:22 info: XVBA Live Server extension is now active!
2026-09-16 14:45:22 debug: Start Watch Excel Export VBA Files
2026-09-16 14:45:23 info: XVBA Ribbon Starts
2026-09-16 14:45:22 debug: Start Run Macro Server
2026-09-16 14:56:01 debug: Close Watch Excel Export VBA Files
2026-09-16 17:10:20 info: XVBA Live Server extension is now active!
2026-09-16 17:10:20 debug: Start Watch Excel Export VBA Files
2026-09-16 17:10:20 debug: Start Run Macro Server
2026-09-16 17:10:20 info: XVBA Ribbon Starts
2026-09-16 17:13:54 debug: Close Watch Excel Export VBA Files
2026-09-16 17:19:24 info: XVBA Live Server extension is now active!
2026-09-16 17:19:24 debug: Start Run Macro Server
2026-09-16 17:19:24 debug: Start Watch Excel Export VBA Files
2026-09-16 17:19:27 info: XVBA Ribbon Starts
2026-09-16 17:34:34 debug: Close Watch Excel Export VBA Files
2026-09-16 17:36:44 info: XVBA Live Server extension is now active!
2026-09-16 17:36:44 debug: Start Watch Excel Export VBA Files
2026-09-16 17:36:44 debug: Start Run Macro Server
2026-09-16 17:36:44 info: XVBA Ribbon Starts
2026-09-16 17:38:32 debug: Close Watch Excel Export VBA Files
2026-09-16 17:42:11 info: XVBA Live Server extension is now active!
2026-09-16 17:42:11 debug: Start Watch Excel Export VBA Files
2026-09-16 17:42:11 debug: Start Run Macro Server
2026-09-16 17:42:12 info: XVBA Ribbon Starts
2026-09-16 17:43:12 debug: Close Watch Excel Export VBA Files
